15.237.49.110 - - [14/Feb/2022:09:26:37 +0100] "GET /wp-includes/js/mediaelement/wp-mediaelement.min.css?ver=4.9.19 HTTP/1.1" 200 1142 "https://www.plexiplay.fr/wp-admin/" "Mozilla/5.0 (Windows NT 10.0; Win64; x64) AppleWebKit/537.36 (KHTML, like Gecko) Chrome/98.0.4758.82 Safari/537.36"
15.237.49.110 - - [14/Feb/2022:09:26:37 +0100] "GET /wp-content/plugins/woocommerce/assets/css/menu.css?ver=2.4.10 HTTP/1.1" 200 680 "https://www.plexiplay.fr/wp-admin/" "Mozilla/5.0 (Windows NT 10.0; Win64; x64) AppleWebKit/537.36 (KHTML, like Gecko) Chrome/98.0.4758.82 Safari/537.36"
15.237.49.110 - - [14/Feb/2022:09:26:37 +0100] "GET /wp-includes/js/mediaelement/mediaelementplayer-legacy.min.css?ver=4.2.6-78496d1 HTTP/1.1" 200 2585 "https://www.plexiplay.fr/wp-admin/" "Mozilla/5.0 (Windows NT 10.0; Win64; x64) AppleWebKit/537.36 (KHTML, like Gecko) Chrome/98.0.4758.82 Safari/537.36"
15.237.49.110 - - [14/Feb/2022:09:26:36 +0100] "GET /wp-admin/load-styles.php?c=0&dir=ltr&load%5B%5D=dashicons,admin-bar,common,forms,admin-menu,dashboard,list-tables,edit,revisions,media,themes,about,nav-menus,wp-pointer,widgets&load%5B%5D=,site-icon,l10n,buttons,wp-auth-check,wp-color-picker,media-views,wp-jquery-ui-dialog&ver=4.9.19 HTTP/1.1" 200 92133 "https://www.plexiplay.fr/wp-admin/" "Mozilla/5.0 (Windows NT 10.0; Win64; x64) AppleWebKit/537.36 (KHTML, like Gecko) Chrome/98.0.4758.82 Safari/537.36"
15.237.49.110 - - [14/Feb/2022:09:26:37 +0100] "GET /wp-content/plugins/woocommerce/assets/css/dashboard.css?ver=2.4.10 HTTP/1.1" 200 1160 "https://www.plexiplay.fr/wp-admin/" "Mozilla/5.0 (Windows NT 10.0; Win64; x64) AppleWebKit/537.36 (KHTML, like Gecko) Chrome/98.0.4758.82 Safari/537.36"
15.237.49.110 - - [14/Feb/2022:09:26:37 +0100] "GET /wp-includes/js/imgareaselect/imgareaselect.css?ver=0.9.8 HTTP/1.1" 200 265 "https://www.plexiplay.fr/wp-admin/" "Mozilla/5.0 (Windows NT 10.0; Win64; x64) AppleWebKit/537.36 (KHTML, like Gecko) Chrome/98.0.4758.82 Safari/537.36"
15.237.49.110 - - [14/Feb/2022:09:26:37 +0100] "GET /wp-content/plugins/yith-woocommerce-wishlist/plugin-fw/assets/css/chosen/chosen.css?ver=4.9.19 HTTP/1.1" 200 2453 "https://www.plexiplay.fr/wp-admin/" "Mozilla/5.0 (Windows NT 10.0; Win64; x64) AppleWebKit/537.36 (KHTML, like Gecko) Chrome/98.0.4758.82 Safari/537.36"
15.237.49.110 - - [14/Feb/2022:09:26:37 +0100] "GET /wp-content/plugins/woocommerce/assets/css/admin.css?ver=2.4.10 HTTP/1.1" 200 17554 "https://www.plexiplay.fr/wp-admin/" "Mozilla/5.0 (Windows NT 10.0; Win64; x64) AppleWebKit/537.36 (KHTML, like Gecko) Chrome/98.0.4758.82 Safari/537.36"
15.237.49.110 - - [14/Feb/2022:09:26:37 +0100] "GET /wp-content/plugins/woocommerce/assets/css/activation.css?ver=4.9.19 HTTP/1.1" 200 420 "https://www.plexiplay.fr/wp-admin/" "Mozilla/5.0 (Windows NT 10.0; Win64; x64) AppleWebKit/537.36 (KHTML, like Gecko) Chrome/98.0.4758.82 Safari/537.36"
15.237.49.110 - - [14/Feb/2022:09:26:37 +0100] "GET /wp-content/plugins/yith-woocommerce-wishlist/plugin-fw/assets/css/yit-plugin-panel.css?ver=4.9.19 HTTP/1.1" 200 3295 "https://www.plexiplay.fr/wp-admin/" "Mozilla/5.0 (Windows NT 10.0; Win64; x64) AppleWebKit/537.36 (KHTML, like Gecko) Chrome/98.0.4758.82 Safari/537.36"
15.237.49.110 - - [14/Feb/2022:09:26:37 +0100] "GET /wp-content/plugins/plugin-organizer/js/colorpicker.js?ver=4.9.19 HTTP/1.1" 200 3775 "https://www.plexiplay.fr/wp-admin/" "Mozilla/5.0 (Windows NT 10.0; Win64; x64) AppleWebKit/537.36 (KHTML, like Gecko) Chrome/98.0.4758.82 Safari/537.36"
15.237.49.110 - - [14/Feb/2022:09:26:37 +0100] "GET /wp-content/plugins/akismet/_inc/akismet.js?ver=3.1.5 HTTP/1.1" 200 2116 "https://www.plexiplay.fr/wp-admin/" "Mozilla/5.0 (Windows NT 10.0; Win64; x64) AppleWebKit/537.36 (KHTML, like Gecko) Chrome/98.0.4758.82 Safari/537.36"
15.237.49.110 - - [14/Feb/2022:09:26:37 +0100] "GET /wp-includes/js/jquery/ui/datepicker.min.js?ver=1.11.4 HTTP/1.1" 200 10794 "https://www.plexiplay.fr/wp-admin/" "Mozilla/5.0 (Windows NT 10.0; Win64; x64) AppleWebKit/537.36 (KHTML, like Gecko) Chrome/98.0.4758.82 Safari/537.36"
15.237.49.110 - - [14/Feb/2022:09:26:37 +0100] "GET /wp-content/plugins/woocommerce/assets/js/admin/reports.min.js?ver=2.4.10 HTTP/1.1" 200 1356 "https://www.plexiplay.fr/wp-admin/" "Mozilla/5.0 (Windows NT 10.0; Win64; x64) AppleWebKit/537.36 (KHTML, like Gecko) Chrome/98.0.4758.82 Safari/537.36"
15.237.49.110 - - [14/Feb/2022:09:26:37 +0100] "GET /wp-content/plugins/woocommerce/assets/js/admin/jquery.flot.min.js?ver=2.4.10 HTTP/1.1" 200 12509 "https://www.plexiplay.fr/wp-admin/" "Mozilla/5.0 (Windows NT 10.0; Win64; x64) AppleWebKit/537.36 (KHTML, like Gecko) Chrome/98.0.4758.82 Safari/537.36"
15.237.49.110 - - [14/Feb/2022:09:26:37 +0100] "GET /wp-content/plugins/woocommerce/assets/js/admin/jquery.flot.resize.min.js?ver=2.4.10 HTTP/1.1" 200 604 "https://www.plexiplay.fr/wp-admin/" "Mozilla/5.0 (Windows NT 10.0; Win64; x64) AppleWebKit/537.36 (KHTML, like Gecko) Chrome/98.0.4758.82 Safari/537.36"
15.237.49.110 - - [14/Feb/2022:09:26:37 +0100] "GET /wp-admin/load-scripts.php?c=0&load%5B%5D=jquery-core,jquery-migrate,jquery-ui-core,jquery-ui-widget,jquery-ui-mouse,jquery-ui-sortable,utils,postbox&ver=4.9.19 HTTP/1.1" 200 49178 "https://www.plexiplay.fr/wp-admin/" "Mozilla/5.0 (Windows NT 10.0; Win64; x64) AppleWebKit/537.36 (KHTML, like Gecko) Chrome/98.0.4758.82 Safari/537.36"
15.237.49.110 - - [14/Feb/2022:09:26:37 +0100] "GET /wp-content/plugins/woocommerce/assets/js/admin/jquery.flot.time.min.js?ver=2.4.10 HTTP/1.1" 200 1879 "https://www.plexiplay.fr/wp-admin/" "Mozilla/5.0 (Windows NT 10.0; Win64; x64) AppleWebKit/537.36 (KHTML, like Gecko) Chrome/98.0.4758.82 Safari/537.36"
15.237.49.110 - - [14/Feb/2022:09:26:37 +0100] "GET /wp-content/plugins/woocommerce/assets/js/admin/jquery.flot.pie.min.js?ver=2.4.10 HTTP/1.1" 200 2997 "https://www.plexiplay.fr/wp-admin/" "Mozilla/5.0 (Windows NT 10.0; Win64; x64) AppleWebKit/537.36 (KHTML, like Gecko) Chrome/98.0.4758.82 Safari/537.36"
15.237.49.110 - - [14/Feb/2022:09:26:37 +0100] "GET /wp-content/plugins/woocommerce/assets/js/admin/jquery.flot.stack.min.js?ver=2.4.10 HTTP/1.1" 200 661 "https://www.plexiplay.fr/wp-admin/" "Mozilla/5.0 (Windows NT 10.0; Win64; x64) AppleWebKit/537.36 (KHTML, like Gecko) Chrome/98.0.4758.82 Safari/537.36"
15.237.49.110 - - [14/Feb/2022:09:26:37 +0100] "GET /wp-includes/js/plupload/plupload.min.js?ver=2.1.9 HTTP/1.1" 200 5588 "https://www.plexiplay.fr/wp-admin/" "Mozilla/5.0 (Windows NT 10.0; Win64; x64) AppleWebKit/537.36 (KHTML, like Gecko) Chrome/98.0.4758.82 Safari/537.36"
15.237.49.110 - - [14/Feb/2022:09:26:37 +0100] "GET /wp-includes/js/mediaelement/mediaelement-migrate.min.js?ver=4.9.19 HTTP/1.1" 200 544 "https://www.plexiplay.fr/wp-admin/" "Mozilla/5.0 (Windows NT 10.0; Win64; x64) AppleWebKit/537.36 (KHTML, like Gecko) Chrome/98.0.4758.82 Safari/537.36"
15.237.49.110 - - [14/Feb/2022:09:26:37 +0100] "GET /wp-includes/js/plupload/moxie.min.js?ver=1.3.5 HTTP/1.1" 200 27509 "https://www.plexiplay.fr/wp-admin/" "Mozilla/5.0 (Windows NT 10.0; Win64; x64) AppleWebKit/537.36 (KHTML, like Gecko) Chrome/98.0.4758.82 Safari/537.36"
15.237.49.110 - - [14/Feb/2022:09:26:37 +0100] "GET /wp-content/plugins/woocommerce/assets/js/chosen/chosen.jquery.min.js?ver=2.4.10 HTTP/1.1" 200 6220 "https://www.plexiplay.fr/wp-admin/" "Mozilla/5.0 (Windows NT 10.0; Win64; x64) AppleWebKit/537.36 (KHTML, like Gecko) Chrome/98.0.4758.82 Safari/537.36"
15.237.49.110 - - [14/Feb/2022:09:26:37 +0100] "GET /wp-includes/js/mediaelement/mediaelement-and-player.min.js?ver=4.2.6-78496d1 HTTP/1.1" 200 38128 "https://www.plexiplay.fr/wp-admin/" "Mozilla/5.0 (Windows NT 10.0; Win64; x64) AppleWebKit/537.36 (KHTML, like Gecko) Chrome/98.0.4758.82 Safari/537.36"
15.237.49.110 - - [14/Feb/2022:09:26:37 +0100] "GET /wp-content/plugins/woocommerce-gateway-paypal-advanced/js/misc.js?ver=4.9.19 HTTP/1.1" 200 107 "https://www.plexiplay.fr/wp-admin/" "Mozilla/5.0 (Windows NT 10.0; Win64; x64) AppleWebKit/537.36 (KHTML, like Gecko) Chrome/98.0.4758.82 Safari/537.36"
15.237.49.110 - - [14/Feb/2022:09:26:37 +0100] "GET /wp-content/plugins/woocommerce/assets/js/admin/settings.min.js?ver=2.4.10 HTTP/1.1" 200 669 "https://www.plexiplay.fr/wp-admin/" "Mozilla/5.0 (Windows NT 10.0; Win64; x64) AppleWebKit/537.36 (KHTML, like Gecko) Chrome/98.0.4758.82 Safari/537.36"
15.237.49.110 - - [14/Feb/2022:09:26:37 +0100] "GET /wp-content/plugins/yith-woocommerce-wishlist/plugin-fw/assets/js/yit-plugin-panel.min.js?ver=1.0.0 HTTP/1.1" 200 2025 "https://www.plexiplay.fr/wp-admin/" "Mozilla/5.0 (Windows NT 10.0; Win64; x64) AppleWebKit/537.36 (KHTML, like Gecko) Chrome/98.0.4758.82 Safari/537.36"
15.237.49.110 - - [14/Feb/2022:09:26:37 +0100] "GET /wp-content/plugins/wordpress-seo/js/wp-seo-admin-global-302.min.js?ver=3.0.4 HTTP/1.1" 200 533 "https://www.plexiplay.fr/wp-admin/" "Mozilla/5.0 (Windows NT 10.0; Win64; x64) AppleWebKit/537.36 (KHTML, like Gecko) Chrome/98.0.4758.82 Safari/537.36"
15.237.49.110 - - [14/Feb/2022:09:26:37 +0100] "GET /wp-content/plugins/yith-woocommerce-wishlist/plugin-fw/assets/js/chosen/chosen.jquery.js?ver=1.1.0 HTTP/1.1" 200 8032 "https://www.plexiplay.fr/wp-admin/" "Mozilla/5.0 (Windows NT 10.0; Win64; x64) AppleWebKit/537.36 (KHTML, like Gecko) Chrome/98.0.4758.82 Safari/537.36"
15.237.49.110 - - [14/Feb/2022:09:26:37 +0100] "GET /wp-content/plugins/yith-woocommerce-wishlist/plugin-fw/assets/images/yithemes-icon.png HTTP/1.1" 200 444 "https://www.plexiplay.fr/wp-admin/" "Mozilla/5.0 (Windows NT 10.0; Win64; x64) AppleWebKit/537.36 (KHTML, like Gecko) Chrome/98.0.4758.82 Safari/537.36"
15.237.49.110 - - [14/Feb/2022:09:26:37 +0100] "GET /wp-content/plugins/wp-user-avatar/images/wpua-icon.png HTTP/1.1" 200 1298 "https://www.plexiplay.fr/wp-admin/" "Mozilla/5.0 (Windows NT 10.0; Win64; x64) AppleWebKit/537.36 (KHTML, like Gecko) Chrome/98.0.4758.82 Safari/537.36"
15.237.49.110 - - [14/Feb/2022:09:26:37 +0100] "GET /wp-admin/load-scripts.php?c=0&load%5B%5D=thickbox,hoverIntent,common,admin-bar,wp-ajax-response,jquery-color,wp-lists,quicktags,jquery-query,admin-comments,underscore,wp&load%5B%5D=-util,wp-a11y,dashboard,plugin-install,updates,shortcode,media-upload,svg-painter,heartbeat,wp-auth-check,jquery-ui-draggable,jq&load%5B%5D=uery-ui-slider,jquery-touch-punch,iris,wp-color-picker,backbone,wp-backbone,media-models,wp-plupload,wp-mediaelement,wp-api-requ&load%5B%5D=est,media-views,media-editor,media-audiovideo,mce-view,imgareaselect,image-edit,jquery-ui-resizable,jquery-ui-button,jquery-ui-p&load%5B%5D=osition,jquery-ui-dialog&ver=4.9.19 HTTP/1.1" 200 128056 "https://www.plexiplay.fr/wp-admin/" "Mozilla/5.0 (Windows NT 10.0; Win64; x64) AppleWebKit/537.36 (KHTML, like Gecko) Chrome/98.0.4758.82 Safari/537.36"
15.237.49.110 - - [14/Feb/2022:09:26:37 +0100] "GET /wp-content/uploads/2015/01/LOGO-PlexiPlay-2013-Facebook-90x90.jpg HTTP/1.1" 200 55193 "https://www.plexiplay.fr/wp-admin/" "Mozilla/5.0 (Windows NT 10.0; Win64; x64) AppleWebKit/537.36 (KHTML, like Gecko) Chrome/98.0.4758.82 Safari/537.36"
15.237.49.110 - - [14/Feb/2022:09:26:37 +0100] "GET /wp-content/plugins/envato-wordpress-toolkit/assets/fonts/envato.woff?20141121 HTTP/1.1" 200 642 "https://www.plexiplay.fr/wp-admin/" "Mozilla/5.0 (Windows NT 10.0; Win64; x64) AppleWebKit/537.36 (KHTML, like Gecko) Chrome/98.0.4758.82 Safari/537.36"
15.237.49.110 - - [14/Feb/2022:09:26:37 +0100] "GET /wp-content/plugins/woocommerce/assets/fonts/WooCommerce.woff HTTP/1.1" 200 8050 "https://www.plexiplay.fr/wp-content/plugins/woocommerce/assets/css/menu.css?ver=2.4.10" "Mozilla/5.0 (Windows NT 10.0; Win64; x64) AppleWebKit/537.36 (KHTML, like Gecko) Chrome/98.0.4758.82 Safari/537.36"
15.237.49.110 - - [14/Feb/2022:09:26:37 +0100] "GET /wp-content/themes/oxygen/assets/images/laborator-icon-adminmenu16-sprite.png HTTP/1.1" 200 3674 "https://www.plexiplay.fr/wp-admin/" "Mozilla/5.0 (Windows NT 10.0; Win64; x64) AppleWebKit/537.36 (KHTML, like Gecko) Chrome/98.0.4758.82 Safari/537.36"
15.237.49.110 - - [14/Feb/2022:09:26:37 +0100] "GET /wp-includes/js/thickbox/loadingAnimation.gif HTTP/1.1" 200 15238 "https://www.plexiplay.fr/wp-admin/" "Mozilla/5.0 (Windows NT 10.0; Win64; x64) AppleWebKit/537.36 (KHTML, like Gecko) Chrome/98.0.4758.82 Safari/537.36"
15.237.49.110 - - [14/Feb/2022:09:26:38 +0100] "GET /favicon.ico HTTP/1.1" 200 - "https://www.plexiplay.fr/wp-admin/" "Mozilla/5.0 (Windows NT 10.0; Win64; x64) AppleWebKit/537.36 (KHTML, like Gecko) Chrome/98.0.4758.82 Safari/537.36"
15.237.49.110 - - [14/Feb/2022:09:26:37 +0100] "POST /wp-admin/admin-ajax.php HTTP/1.1" 200 328 "https://www.plexiplay.fr/wp-admin/" "Mozilla/5.0 (Windows NT 10.0; Win64; x64) AppleWebKit/537.36 (KHTML, like Gecko) Chrome/98.0.4758.82 Safari/537.36"
15.237.49.110 - - [14/Feb/2022:09:27:15 +0100] "GET /wp-admin/about.php HTTP/1.1" 200 31585 "https://www.plexiplay.fr/wp-admin/" "Mozilla/5.0 (Windows NT 10.0; Win64; x64) AppleWebKit/537.36 (KHTML, like Gecko) Chrome/98.0.4758.82 Safari/537.36"
15.237.49.110 - - [14/Feb/2022:09:27:16 +0100] "GET /wp-admin/load-scripts.php?c=0&load%5B%5D=jquery-core,jquery-migrate,utils,moxiejs,plupload&ver=4.9.19 HTTP/1.1" 200 69761 "https://www.plexiplay.fr/wp-admin/about.php" "Mozilla/5.0 (Windows NT 10.0; Win64; x64) AppleWebKit/537.36 (KHTML, like Gecko) Chrome/98.0.4758.82 Safari/537.36"
15.237.49.110 - - [14/Feb/2022:09:27:16 +0100] "GET /wp-admin/load-scripts.php?c=0&load%5B%5D=jquery-ui-core,jquery-ui-widget,jquery-ui-mouse,jquery-ui-sortable,thickbox,hoverIntent,common,admin-bar,underscore,svg-painter,&load%5B%5D=heartbeat,wp-auth-check,jquery-ui-draggable,jquery-ui-slider,jquery-touch-punch,iris,wp-color-picker,shortcode,backbone,wp-util,&load%5B%5D=wp-backbone,media-models,wp-plupload,wp-mediaelement,wp-api-request,media-views,media-editor,media-audiovideo,mce-view,imgarease&load%5B%5D=lect,image-edit&ver=4.9.19 HTTP/1.1" 200 100248 "https://www.plexiplay.fr/wp-admin/about.php" "Mozilla/5.0 (Windows NT 10.0; Win64; x64) AppleWebKit/537.36 (KHTML, like Gecko) Chrome/98.0.4758.82 Safari/537.36"
15.237.49.110 - - [14/Feb/2022:09:27:16 +0100] "GET /wp-includes/js/jquery/ui/resizable.min.js?ver=1.11.4 HTTP/1.1" 200 5180 "https://www.plexiplay.fr/wp-admin/about.php" "Mozilla/5.0 (Windows NT 10.0; Win64; x64) AppleWebKit/537.36 (KHTML, like Gecko) Chrome/98.0.4758.82 Safari/537.36"
15.237.49.110 - - [14/Feb/2022:09:27:16 +0100] "GET /wp-includes/js/jquery/ui/button.min.js?ver=1.11.4 HTTP/1.1" 200 2075 "https://www.plexiplay.fr/wp-admin/about.php" "Mozilla/5.0 (Windows NT 10.0; Win64; x64) AppleWebKit/537.36 (KHTML, like Gecko) Chrome/98.0.4758.82 Safari/537.36"
15.237.49.110 - - [14/Feb/2022:09:27:16 +0100] "GET /wp-includes/js/jquery/ui/position.min.js?ver=1.11.4 HTTP/1.1" 200 2471 "https://www.plexiplay.fr/wp-admin/about.php" "Mozilla/5.0 (Windows NT 10.0; Win64; x64) AppleWebKit/537.36 (KHTML, like Gecko) Chrome/98.0.4758.82 Safari/537.36"
15.237.49.110 - - [14/Feb/2022:09:27:16 +0100] "GET /wp-includes/js/jquery/ui/dialog.min.js?ver=1.11.4 HTTP/1.1" 200 3633 "https://www.plexiplay.fr/wp-admin/about.php" "Mozilla/5.0 (Windows NT 10.0; Win64; x64) AppleWebKit/537.36 (KHTML, like Gecko) Chrome/98.0.4758.82 Safari/537.36"
15.237.49.110 - - [14/Feb/2022:09:27:16 +0100] "GET /wp-admin/images/w-logo-white.png?ver=20160308 HTTP/1.1" 200 5395 "https://www.plexiplay.fr/wp-admin/load-styles.php?c=0&dir=ltr&load%5B%5D=dashicons,admin-bar,common,forms,admin-menu,dashboard,list-tables,edit,revisions,media,themes,about,nav-menus,wp-pointer,widgets&load%5B%5D=,site-icon,l10n,buttons,wp-auth-check,wp-color-picker,media-views,wp-jquery-ui-dialog&ver=4.9.19" "Mozilla/5.0 (Windows NT 10.0; Win64; x64) AppleWebKit/537.36 (KHTML, like Gecko) Chrome/98.0.4758.82 Safari/537.36"
15.237.49.110 - - [14/Feb/2022:09:27:17 +0100] "GET /wp-admin/images/wordpress-logo-white.svg?ver=20160308 HTTP/1.1" 200 796 "https://www.plexiplay.fr/wp-admin/load-styles.php?c=0&dir=ltr&load%5B%5D=dashicons,admin-bar,common,forms,admin-menu,dashboard,list-tables,edit,revisions,media,themes,about,nav-menus,wp-pointer,widgets&load%5B%5D=,site-icon,l10n,buttons,wp-auth-check,wp-color-picker,media-views,wp-jquery-ui-dialog&ver=4.9.19" "Mozilla/5.0 (Windows NT 10.0; Win64; x64) AppleWebKit/537.36 (KHTML, like Gecko) Chrome/98.0.4758.82 Safari/537.36"
80.215.205.169 - - [14/Feb/2022:09:27:16 +0100] "POST /wp-admin/admin-ajax.php HTTP/1.1" 200 67 "https://www.plexiplay.fr/wp-admin/" "Mozilla/5.0 (Windows NT 10.0; Win64; x64) AppleWebKit/537.36 (KHTML, like Gecko) Chrome/98.0.4758.82 Safari/537.36"
15.237.49.110 - - [14/Feb/2022:09:27:17 +0100] "GET /favicon.ico HTTP/1.1" 200 - "https://www.plexiplay.fr/wp-admin/about.php" "Mozilla/5.0 (Windows NT 10.0; Win64; x64) AppleWebKit/537.36 (KHTML, like Gecko) Chrome/98.0.4758.82 Safari/537.36"
15.237.49.110 - - [14/Feb/2022:09:27:18 +0100] "GET /wp-admin/about.php HTTP/1.1" 200 31585 "https://www.plexiplay.fr/wp-admin/about.php" "Mozilla/5.0 (Windows NT 10.0; Win64; x64) AppleWebKit/537.36 (KHTML, like Gecko) Chrome/98.0.4758.82 Safari/537.36"
15.237.49.110 - - [14/Feb/2022:09:27:20 +0100] "GET /favicon.ico HTTP/1.1" 200 - "https://www.plexiplay.fr/wp-admin/about.php" "Mozilla/5.0 (Windows NT 10.0; Win64; x64) AppleWebKit/537.36 (KHTML, like Gecko) Chrome/98.0.4758.82 Safari/537.36"
15.237.49.110 - - [14/Feb/2022:09:27:29 +0100] "GET /favicon.ico HTTP/1.1" 200 - "https://www.plexiplay.fr/wp-admin/about.php" "Mozilla/5.0 (Windows NT 10.0; Win64; x64) AppleWebKit/537.36 (KHTML, like Gecko) Chrome/98.0.4758.82 Safari/537.36"
80.215.205.169 - - [14/Feb/2022:09:27:54 +0100] "GET /wp-admin/edit.php?post_status=wc-on-hold&post_type=shop_order HTTP/1.1" 200 48934 "https://www.plexiplay.fr/wp-admin/" "Mozilla/5.0 (Windows NT 10.0; Win64; x64) AppleWebKit/537.36 (KHTML, like Gecko) Chrome/98.0.4758.82 Safari/537.36"
80.215.205.169 - - [14/Feb/2022:09:27:56 +0100] "GET /wp-content/plugins/woocommerce/assets/js/jquery-tiptip/jquery.tipTip.min.js?ver=2.4.10 HTTP/1.1" 200 1076 "https://www.plexiplay.fr/wp-admin/edit.php?post_status=wc-on-hold&post_type=shop_order" "Mozilla/5.0 (Windows NT 10.0; Win64; x64) AppleWebKit/537.36 (KHTML, like Gecko) Chrome/98.0.4758.82 Safari/537.36"
80.215.205.169 - - [14/Feb/2022:09:27:56 +0100] "GET /wp-admin/load-scripts.php?c=0&load%5B%5D=jquery-core,jquery-migrate,jquery-ui-core,jquery-ui-widget,jquery-ui-mouse,jquery-ui-sortable,utils&ver=4.9.19 HTTP/1.1" 200 47886 "https://www.plexiplay.fr/wp-admin/edit.php?post_status=wc-on-hold&post_type=shop_order" "Mozilla/5.0 (Windows NT 10.0; Win64; x64) AppleWebKit/537.36 (KHTML, like Gecko) Chrome/98.0.4758.82 Safari/537.36"
80.215.205.169 - - [14/Feb/2022:09:27:56 +0100] "GET /wp-content/plugins/woocommerce/assets/js/admin/woocommerce_admin.min.js?ver=2.4.10 HTTP/1.1" 200 1574 "https://www.plexiplay.fr/wp-admin/edit.php?post_status=wc-on-hold&post_type=shop_order" "Mozilla/5.0 (Windows NT 10.0; Win64; x64) AppleWebKit/537.36 (KHTML, like Gecko) Chrome/98.0.4758.82 Safari/537.36"
80.215.205.169 - - [14/Feb/2022:09:27:56 +0100] "GET /wp-content/plugins/woocommerce/assets/js/admin/accounting.min.js?ver=0.4.2 HTTP/1.1" 200 1435 "https://www.plexiplay.fr/wp-admin/edit.php?post_status=wc-on-hold&post_type=shop_order" "Mozilla/5.0 (Windows NT 10.0; Win64; x64) AppleWebKit/537.36 (KHTML, like Gecko) Chrome/98.0.4758.82 Safari/537.36"
80.215.205.169 - - [14/Feb/2022:09:27:56 +0100] "GET /wp-content/plugins/woocommerce/assets/js/admin/wc-enhanced-select.min.js?ver=2.4.10 HTTP/1.1" 200 976 "https://www.plexiplay.fr/wp-admin/edit.php?post_status=wc-on-hold&post_type=shop_order" "Mozilla/5.0 (Windows NT 10.0; Win64; x64) AppleWebKit/537.36 (KHTML, like Gecko) Chrome/98.0.4758.82 Safari/537.36"
80.215.205.169 - - [14/Feb/2022:09:27:56 +0100] "GET /wp-content/plugins/woocommerce/assets/js/admin/round.min.js?ver=2.4.10 HTTP/1.1" 200 234 "https://www.plexiplay.fr/wp-admin/edit.php?post_status=wc-on-hold&post_type=shop_order" "Mozilla/5.0 (Windows NT 10.0; Win64; x64) AppleWebKit/537.36 (KHTML, like Gecko) Chrome/98.0.4758.82 Safari/537.36"
80.215.205.169 - - [14/Feb/2022:09:27:56 +0100] "GET /wp-content/plugins/woocommerce/assets/js/select2/select2.min.js?ver=3.5.2 HTTP/1.1" 200 18207 "https://www.plexiplay.fr/wp-admin/edit.php?post_status=wc-on-hold&post_type=shop_order" "Mozilla/5.0 (Windows NT 10.0; Win64; x64) AppleWebKit/537.36 (KHTML, like Gecko) Chrome/98.0.4758.82 Safari/537.36"
80.215.205.169 - - [14/Feb/2022:09:27:56 +0100] "GET /wp-content/plugins/woocommerce/assets/js/admin/meta-boxes.min.js?ver=2.4.10 HTTP/1.1" 200 684 "https://www.plexiplay.fr/wp-admin/edit.php?post_status=wc-on-hold&post_type=shop_order" "Mozilla/5.0 (Windows NT 10.0; Win64; x64) AppleWebKit/537.36 (KHTML, like Gecko) Chrome/98.0.4758.82 Safari/537.36"
80.215.205.169 - - [14/Feb/2022:09:27:56 +0100] "GET /wp-content/plugins/woocommerce/assets/js/stupidtable/stupidtable.min.js?ver=2.4.10 HTTP/1.1" 200 680 "https://www.plexiplay.fr/wp-admin/edit.php?post_status=wc-on-hold&post_type=shop_order" "Mozilla/5.0 (Windows NT 10.0; Win64; x64) AppleWebKit/537.36 (KHTML, like Gecko) Chrome/98.0.4758.82 Safari/537.36"
80.215.205.169 - - [14/Feb/2022:09:27:56 +0100] "GET /wp-includes/js/underscore.min.js?ver=1.8.3 HTTP/1.1" 200 5822 "https://www.plexiplay.fr/wp-admin/edit.php?post_status=wc-on-hold&post_type=shop_order" "Mozilla/5.0 (Windows NT 10.0; Win64; x64) AppleWebKit/537.36 (KHTML, like Gecko) Chrome/98.0.4758.82 Safari/537.36"
80.215.205.169 - - [14/Feb/2022:09:27:56 +0100] "GET /wp-content/plugins/woocommerce/assets/js/admin/meta-boxes-order.min.js?ver=2.4.10 HTTP/1.1" 200 5001 "https://www.plexiplay.fr/wp-admin/edit.php?post_status=wc-on-hold&post_type=shop_order" "Mozilla/5.0 (Windows NT 10.0; Win64; x64) AppleWebKit/537.36 (KHTML, like Gecko) Chrome/98.0.4758.82 Safari/537.36"
80.215.205.169 - - [14/Feb/2022:09:27:56 +0100] "GET /wp-content/plugins/woocommerce/assets/js/admin/order-backbone-modal.min.js?ver=2.4.10 HTTP/1.1" 200 885 "https://www.plexiplay.fr/wp-admin/edit.php?post_status=wc-on-hold&post_type=shop_order" "Mozilla/5.0 (Windows NT 10.0; Win64; x64) AppleWebKit/537.36 (KHTML, like Gecko) Chrome/98.0.4758.82 Safari/537.36"
80.215.205.169 - - [14/Feb/2022:09:27:56 +0100] "GET /wp-includes/js/backbone.min.js?ver=1.2.3 HTTP/1.1" 200 7536 "https://www.plexiplay.fr/wp-admin/edit.php?post_status=wc-on-hold&post_type=shop_order" "Mozilla/5.0 (Windows NT 10.0; Win64; x64) AppleWebKit/537.36 (KHTML, like Gecko) Chrome/98.0.4758.82 Safari/537.36"
80.215.205.169 - - [14/Feb/2022:09:27:56 +0100] "GET /wp-admin/load-scripts.php?c=0&load%5B%5D=thickbox,hoverIntent,common,admin-bar,jquery-ui-position,jquery-ui-menu,wp-a11y,jquery-ui-autocomplete,tags-suggest,inline-edit-&load%5B%5D=post,heartbeat,svg-painter,wp-auth-check,jquery-ui-draggable,jquery-ui-slider,jquery-touch-punch,iris,wp-color-picker,shortcode,&load%5B%5D=wp-util,wp-backbone,media-models,wp-plupload,wp-mediaelement,wp-api-request,media-views,media-editor,media-audiovideo,mce-view,i&load%5B%5D=mgareaselect,image-edit,jquery-ui-resizable,jquery-ui-button,jquery-ui-dialog&ver=4.9.19 HTTP/1.1" 200 96266 "https://www.plexiplay.fr/wp-admin/edit.php?post_status=wc-on-hold&post_type=shop_order" "Mozilla/5.0 (Windows NT 10.0; Win64; x64) AppleWebKit/537.36 (KHTML, like Gecko) Chrome/98.0.4758.82 Safari/537.36"
80.215.205.169 - - [14/Feb/2022:09:27:57 +0100] "GET /favicon.ico HTTP/1.1" 200 - "https://www.plexiplay.fr/wp-admin/edit.php?post_status=wc-on-hold&post_type=shop_order" "Mozilla/5.0 (Windows NT 10.0; Win64; x64) AppleWebKit/537.36 (KHTML, like Gecko) Chrome/98.0.4758.82 Safari/537.36"
80.215.205.169 - - [14/Feb/2022:09:27:57 +0100] "POST /wp-admin/admin-ajax.php HTTP/1.1" 200 67 "https://www.plexiplay.fr/wp-admin/edit.php?post_status=wc-on-hold&post_type=shop_order" "Mozilla/5.0 (Windows NT 10.0; Win64; x64) AppleWebKit/537.36 (KHTML, like Gecko) Chrome/98.0.4758.82 Safari/537.36"
15.237.49.110 - - [14/Feb/2022:09:27:58 +0100] "GET /wp-admin/export.php HTTP/1.1" 200 29113 "https://www.plexiplay.fr/wp-admin/about.php" "Mozilla/5.0 (Windows NT 10.0; Win64; x64) AppleWebKit/537.36 (KHTML, like Gecko) Chrome/98.0.4758.82 Safari/537.36"
15.237.49.110 - - [14/Feb/2022:09:27:59 +0100] "GET /wp-admin/load-scripts.php?c=0&load%5B%5D=jquery-ui-core,jquery-ui-widget,jquery-ui-mouse,jquery-ui-sortable,thickbox,hoverIntent,common,admin-bar,svg-painter,heartbeat,w&load%5B%5D=p-auth-check,jquery-ui-draggable,jquery-ui-slider,jquery-touch-punch,iris,wp-color-picker,underscore,shortcode,backbone,wp-util,&load%5B%5D=wp-backbone,media-models,wp-plupload,wp-mediaelement,wp-api-request,media-views,media-editor,media-audiovideo,mce-view,imgarease&load%5B%5D=lect,image-edit&ver=4.9.19 HTTP/1.1" 200 99956 "https://www.plexiplay.fr/wp-admin/export.php" "Mozilla/5.0 (Windows NT 10.0; Win64; x64) AppleWebKit/537.36 (KHTML, like Gecko) Chrome/98.0.4758.82 Safari/537.36"
15.237.49.110 - - [14/Feb/2022:09:28:00 +0100] "GET /favicon.ico HTTP/1.1" 200 - "https://www.plexiplay.fr/wp-admin/export.php" "Mozilla/5.0 (Windows NT 10.0; Win64; x64) AppleWebKit/537.36 (KHTML, like Gecko) Chrome/98.0.4758.82 Safari/537.36"
80.215.205.169 - - [14/Feb/2022:09:28:12 +0100] "POST /wp-admin/admin-ajax.php HTTP/1.1" 200 67 "https://www.plexiplay.fr/wp-admin/edit.php?post_status=wc-on-hold&post_type=shop_order" "Mozilla/5.0 (Windows NT 10.0; Win64; x64) AppleWebKit/537.36 (KHTML, like Gecko) Chrome/98.0.4758.82 Safari/537.36"
80.215.205.169 - - [14/Feb/2022:09:28:27 +0100] "POST /wp-admin/admin-ajax.php HTTP/1.1" 200 67 "https://www.plexiplay.fr/wp-admin/edit.php?post_status=wc-on-hold&post_type=shop_order" "Mozilla/5.0 (Windows NT 10.0; Win64; x64) AppleWebKit/537.36 (KHTML, like Gecko) Chrome/98.0.4758.82 Safari/537.36"
80.215.205.169 - - [14/Feb/2022:09:28:42 +0100] "POST /wp-admin/admin-ajax.php HTTP/1.1" 200 67 "https://www.plexiplay.fr/wp-admin/edit.php?post_status=wc-on-hold&post_type=shop_order" "Mozilla/5.0 (Windows NT 10.0; Win64; x64) AppleWebKit/537.36 (KHTML, like Gecko) Chrome/98.0.4758.82 Safari/537.36"
15.237.49.110 - - [14/Feb/2022:09:29:00 +0100] "POST /wp-admin/admin-ajax.php HTTP/1.1" 200 67 "https://www.plexiplay.fr/wp-admin/export.php" "Mozilla/5.0 (Windows NT 10.0; Win64; x64) AppleWebKit/537.36 (KHTML, like Gecko) Chrome/98.0.4758.82 Safari/537.36"
80.215.205.169 - - [14/Feb/2022:09:29:59 +0100] "POST /wp-admin/admin-ajax.php HTTP/1.1" 200 67 "https://www.plexiplay.fr/wp-admin/edit.php?post_status=wc-on-hold&post_type=shop_order" "Mozilla/5.0 (Windows NT 10.0; Win64; x64) AppleWebKit/537.36 (KHTML, like Gecko) Chrome/98.0.4758.82 Safari/537.36"
54.36.149.9 - - [14/Feb/2022:09:30:11 +0100] "GET /boutique/aurelie-anger/couleurs-vives/hippie/ HTTP/1.1" 200 13155 "-" "Mozilla/5.0 (compatible; AhrefsBot/7.0; +http://ahrefs.com/robot/)"
80.215.205.169 - - [14/Feb/2022:09:30:15 +0100] "POST /wp-admin/admin-ajax.php HTTP/1.1" 200 67 "https://www.plexiplay.fr/wp-admin/edit.php?post_status=wc-on-hold&post_type=shop_order" "Mozilla/5.0 (Windows NT 10.0; Win64; x64) AppleWebKit/537.36 (KHTML, like Gecko) Chrome/98.0.4758.82 Safari/537.36"
15.237.49.110 - - [14/Feb/2022:09:31:01 +0100] "POST /wp-admin/admin-ajax.php HTTP/1.1" 200 67 "https://www.plexiplay.fr/wp-admin/export.php" "Mozilla/5.0 (Windows NT 10.0; Win64; x64) AppleWebKit/537.36 (KHTML, like Gecko) Chrome/98.0.4758.82 Safari/537.36"
15.237.49.110 - - [14/Feb/2022:09:32:01 +0100] "POST /wp-admin/admin-ajax.php HTTP/1.1" 200 67 "https://www.plexiplay.fr/wp-admin/export.php" "Mozilla/5.0 (Windows NT 10.0; Win64; x64) AppleWebKit/537.36 (KHTML, like Gecko) Chrome/98.0.4758.82 Safari/537.36"
15.237.49.110 - - [14/Feb/2022:09:31:52 +0100] "GET /wp-admin/export.php?download=true&content=all&cat=0&post_author=0&post_start_date=0&post_end_date=0&post_status=0&page_author=0&page_start_date=0&page_end_date=0&page_status=0&attachment_start_date=0&attachment_end_date=0&submit=T%C3%A9l%C3%A9charger+le+fichier+d%E2%80%99export HTTP/1.1" 200 211278 "https://www.plexiplay.fr/wp-admin/export.php" "Mozilla/5.0 (Windows NT 10.0; Win64; x64) AppleWebKit/537.36 (KHTML, like Gecko) Chrome/98.0.4758.82 Safari/537.36"
80.215.205.169 - - [14/Feb/2022:09:32:16 +0100] "POST /wp-admin/admin-ajax.php HTTP/1.1" 200 67 "https://www.plexiplay.fr/wp-admin/edit.php?post_status=wc-on-hold&post_type=shop_order" "Mozilla/5.0 (Windows NT 10.0; Win64; x64) AppleWebKit/537.36 (KHTML, like Gecko) Chrome/98.0.4758.82 Safari/537.36"
15.237.49.110 - - [14/Feb/2022:09:33:01 +0100] "POST /wp-admin/admin-ajax.php HTTP/1.1" 200 67 "https://www.plexiplay.fr/wp-admin/export.php" "Mozilla/5.0 (Windows NT 10.0; Win64; x64) AppleWebKit/537.36 (KHTML, like Gecko) Chrome/98.0.4758.82 Safari/537.36"
80.215.205.169 - - [14/Feb/2022:09:33:51 +0100] "POST /wp-admin/admin-ajax.php HTTP/1.1" 200 67 "https://www.plexiplay.fr/wp-admin/edit.php?post_status=wc-on-hold&post_type=shop_order" "Mozilla/5.0 (Windows NT 10.0; Win64; x64) AppleWebKit/537.36 (KHTML, like Gecko) Chrome/98.0.4758.82 Safari/537.36"
80.215.205.169 - - [14/Feb/2022:09:33:56 +0100] "GET /wp-admin/tools.php HTTP/1.1" 200 27675 "https://www.plexiplay.fr/wp-admin/edit.php?post_status=wc-on-hold&post_type=shop_order" "Mozilla/5.0 (Windows NT 10.0; Win64; x64) AppleWebKit/537.36 (KHTML, like Gecko) Chrome/98.0.4758.82 Safari/537.36"
80.215.205.169 - - [14/Feb/2022:09:33:57 +0100] "GET /wp-admin/load-scripts.php?c=0&load%5B%5D=jquery-core,jquery-migrate,utils,moxiejs,plupload&ver=4.9.19 HTTP/1.1" 200 69761 "https://www.plexiplay.fr/wp-admin/tools.php" "Mozilla/5.0 (Windows NT 10.0; Win64; x64) AppleWebKit/537.36 (KHTML, like Gecko) Chrome/98.0.4758.82 Safari/537.36"
80.215.205.169 - - [14/Feb/2022:09:33:57 +0100] "GET /wp-includes/js/jquery/ui/resizable.min.js?ver=1.11.4 HTTP/1.1" 200 5180 "https://www.plexiplay.fr/wp-admin/tools.php" "Mozilla/5.0 (Windows NT 10.0; Win64; x64) AppleWebKit/537.36 (KHTML, like Gecko) Chrome/98.0.4758.82 Safari/537.36"
80.215.205.169 - - [14/Feb/2022:09:33:57 +0100] "GET /wp-admin/load-scripts.php?c=0&load%5B%5D=jquery-ui-core,jquery-ui-widget,jquery-ui-mouse,jquery-ui-sortable,thickbox,hoverIntent,common,admin-bar,svg-painter,heartbeat,w&load%5B%5D=p-auth-check,jquery-ui-draggable,jquery-ui-slider,jquery-touch-punch,iris,wp-color-picker,underscore,shortcode,backbone,wp-util,&load%5B%5D=wp-backbone,media-models,wp-plupload,wp-mediaelement,wp-api-request,media-views,media-editor,media-audiovideo,mce-view,imgarease&load%5B%5D=lect,image-edit&ver=4.9.19 HTTP/1.1" 200 99956 "https://www.plexiplay.fr/wp-admin/tools.php" "Mozilla/5.0 (Windows NT 10.0; Win64; x64) AppleWebKit/537.36 (KHTML, like Gecko) Chrome/98.0.4758.82 Safari/537.36"
80.215.205.169 - - [14/Feb/2022:09:33:57 +0100] "GET /wp-includes/js/jquery/ui/button.min.js?ver=1.11.4 HTTP/1.1" 200 2075 "https://www.plexiplay.fr/wp-admin/tools.php" "Mozilla/5.0 (Windows NT 10.0; Win64; x64) AppleWebKit/537.36 (KHTML, like Gecko) Chrome/98.0.4758.82 Safari/537.36"
80.215.205.169 - - [14/Feb/2022:09:33:57 +0100] "GET /wp-includes/js/jquery/ui/position.min.js?ver=1.11.4 HTTP/1.1" 200 2471 "https://www.plexiplay.fr/wp-admin/tools.php" "Mozilla/5.0 (Windows NT 10.0; Win64; x64) AppleWebKit/537.36 (KHTML, like Gecko) Chrome/98.0.4758.82 Safari/537.36"
80.215.205.169 - - [14/Feb/2022:09:33:57 +0100] "GET /wp-includes/js/jquery/ui/dialog.min.js?ver=1.11.4 HTTP/1.1" 200 3633 "https://www.plexiplay.fr/wp-admin/tools.php" "Mozilla/5.0 (Windows NT 10.0; Win64; x64) AppleWebKit/537.36 (KHTML, like Gecko) Chrome/98.0.4758.82 Safari/537.36"
80.215.205.169 - - [14/Feb/2022:09:33:57 +0100] "GET /favicon.ico HTTP/1.1" 200 - "https://www.plexiplay.fr/wp-admin/tools.php" "Mozilla/5.0 (Windows NT 10.0; Win64; x64) AppleWebKit/537.36 (KHTML, like Gecko) Chrome/98.0.4758.82 Safari/537.36"
80.215.205.169 - - [14/Feb/2022:09:34:00 +0100] "GET /wp-admin/export.php HTTP/1.1" 200 29107 "https://www.plexiplay.fr/wp-admin/tools.php" "Mozilla/5.0 (Windows NT 10.0; Win64; x64) AppleWebKit/537.36 (KHTML, like Gecko) Chrome/98.0.4758.82 Safari/537.36"
80.215.205.169 - - [14/Feb/2022:09:34:01 +0100] "GET /favicon.ico HTTP/1.1" 200 - "https://www.plexiplay.fr/wp-admin/export.php" "Mozilla/5.0 (Windows NT 10.0; Win64; x64) AppleWebKit/537.36 (KHTML, like Gecko) Chrome/98.0.4758.82 Safari/537.36"
15.237.49.110 - - [14/Feb/2022:09:34:01 +0100] "POST /wp-admin/admin-ajax.php HTTP/1.1" 200 67 "https://www.plexiplay.fr/wp-admin/export.php" "Mozilla/5.0 (Windows NT 10.0; Win64; x64) AppleWebKit/537.36 (KHTML, like Gecko) Chrome/98.0.4758.82 Safari/537.36"
80.215.205.169 - - [14/Feb/2022:09:34:09 +0100] "GET /wp-admin/export.php?download=true&content=all&cat=0&post_author=0&post_start_date=0&post_end_date=0&post_status=0&page_author=0&page_start_date=0&page_end_date=0&page_status=0&attachment_start_date=0&attachment_end_date=0&submit=T%C3%A9l%C3%A9charger+le+fichier+d%E2%80%99export HTTP/1.1" 200 211278 "https://www.plexiplay.fr/wp-admin/export.php" "Mozilla/5.0 (Windows NT 10.0; Win64; x64) AppleWebKit/537.36 (KHTML, like Gecko) Chrome/98.0.4758.82 Safari/537.36"
15.237.49.110 - - [14/Feb/2022:09:35:01 +0100] "POST /wp-admin/admin-ajax.php HTTP/1.1" 200 67 "https://www.plexiplay.fr/wp-admin/export.php" "Mozilla/5.0 (Windows NT 10.0; Win64; x64) AppleWebKit/537.36 (KHTML, like Gecko) Chrome/98.0.4758.82 Safari/537.36"
80.215.205.169 - - [14/Feb/2022:09:35:02 +0100] "POST /wp-admin/admin-ajax.php HTTP/1.1" 200 67 "https://www.plexiplay.fr/wp-admin/export.php" "Mozilla/5.0 (Windows NT 10.0; Win64; x64) AppleWebKit/537.36 (KHTML, like Gecko) Chrome/98.0.4758.82 Safari/537.36"
15.237.49.110 - - [14/Feb/2022:09:36:02 +0100] "POST /wp-admin/admin-ajax.php HTTP/1.1" 200 67 "https://www.plexiplay.fr/wp-admin/export.php" "Mozilla/5.0 (Windows NT 10.0; Win64; x64) AppleWebKit/537.36 (KHTML, like Gecko) Chrome/98.0.4758.82 Safari/537.36"
80.215.205.169 - - [14/Feb/2022:09:36:39 +0100] "POST /wp-admin/admin-ajax.php HTTP/1.1" 200 67 "https://www.plexiplay.fr/wp-admin/export.php" "Mozilla/5.0 (Windows NT 10.0; Win64; x64) AppleWebKit/537.36 (KHTML, like Gecko) Chrome/98.0.4758.82 Safari/537.36"
80.215.205.169 - - [14/Feb/2022:09:37:40 +0100] "POST /wp-admin/admin-ajax.php HTTP/1.1" 200 67 "https://www.plexiplay.fr/wp-admin/export.php" "Mozilla/5.0 (Windows NT 10.0; Win64; x64) AppleWebKit/537.36 (KHTML, like Gecko) Chrome/98.0.4758.82 Safari/537.36"
15.237.49.110 - - [14/Feb/2022:09:38:03 +0100] "POST /wp-admin/admin-ajax.php HTTP/1.1" 200 67 "https://www.plexiplay.fr/wp-admin/export.php" "Mozilla/5.0 (Windows NT 10.0; Win64; x64) AppleWebKit/537.36 (KHTML, like Gecko) Chrome/98.0.4758.82 Safari/537.36"
80.215.205.169 - - [14/Feb/2022:09:38:13 +0100] "GET /wp-admin/tools.php?page=export_personal_data HTTP/1.1" 200 28774 "https://www.plexiplay.fr/wp-admin/export.php" "Mozilla/5.0 (Windows NT 10.0; Win64; x64) AppleWebKit/537.36 (KHTML, like Gecko) Chrome/98.0.4758.82 Safari/537.36"
80.215.205.169 - - [14/Feb/2022:09:38:14 +0100] "GET /wp-admin/js/xfn.min.js?ver=4.9.19 HTTP/1.1" 200 1340 "https://www.plexiplay.fr/wp-admin/tools.php?page=export_personal_data" "Mozilla/5.0 (Windows NT 10.0; Win64; x64) AppleWebKit/537.36 (KHTML, like Gecko) Chrome/98.0.4758.82 Safari/537.36"
80.215.205.169 - - [14/Feb/2022:09:38:14 +0100] "GET /wp-admin/load-scripts.php?c=0&load%5B%5D=hoverIntent,common,admin-bar,svg-painter,heartbeat,wp-auth-check,jquery-ui-core,jquery-ui-widget,jquery-ui-mouse,jquery-ui-dragg&load%5B%5D=able,jquery-ui-slider,jquery-touch-punch,iris,wp-color-picker,thickbox,underscore,shortcode,backbone,wp-util,wp-backbone,media-m&load%5B%5D=odels,wp-plupload,jquery-ui-sortable,wp-mediaelement,wp-api-request,media-views,media-editor,media-audiovideo,mce-view,imgarease&load%5B%5D=lect,image-edit&ver=4.9.19 HTTP/1.1" 200 100260 "https://www.plexiplay.fr/wp-admin/tools.php?page=export_personal_data" "Mozilla/5.0 (Windows NT 10.0; Win64; x64) AppleWebKit/537.36 (KHTML, like Gecko) Chrome/98.0.4758.82 Safari/537.36"
80.215.205.169 - - [14/Feb/2022:09:38:14 +0100] "GET /favicon.ico HTTP/1.1" 200 - "https://www.plexiplay.fr/wp-admin/tools.php?page=export_personal_data" "Mozilla/5.0 (Windows NT 10.0; Win64; x64) AppleWebKit/537.36 (KHTML, like Gecko) Chrome/98.0.4758.82 Safari/537.36"
80.215.205.169 - - [14/Feb/2022:09:38:37 +0100] "GET /wp-admin/edit.php?post_type=acf&page=acf-export HTTP/1.1" 200 27997 "https://www.plexiplay.fr/wp-admin/tools.php?page=export_personal_data" "Mozilla/5.0 (Windows NT 10.0; Win64; x64) AppleWebKit/537.36 (KHTML, like Gecko) Chrome/98.0.4758.82 Safari/537.36"
80.215.205.169 - - [14/Feb/2022:09:38:38 +0100] "GET /wp-content/plugins/wordpress-seo/css/edit-page-302.min.css?ver=3.0.4 HTTP/1.1" 200 257 "https://www.plexiplay.fr/wp-admin/edit.php?post_type=acf&page=acf-export" "Mozilla/5.0 (Windows NT 10.0; Win64; x64) AppleWebKit/537.36 (KHTML, like Gecko) Chrome/98.0.4758.82 Safari/537.36"
80.215.205.169 - - [14/Feb/2022:09:38:38 +0100] "GET /wp-content/plugins/advanced-custom-fields/css/global.css?ver=4.4.3 HTTP/1.1" 200 2757 "https://www.plexiplay.fr/wp-admin/edit.php?post_type=acf&page=acf-export" "Mozilla/5.0 (Windows NT 10.0; Win64; x64) AppleWebKit/537.36 (KHTML, like Gecko) Chrome/98.0.4758.82 Safari/537.36"
80.215.205.169 - - [14/Feb/2022:09:38:38 +0100] "GET /wp-content/plugins/advanced-custom-fields/css/acf.css?ver=4.4.3 HTTP/1.1" 200 1530 "https://www.plexiplay.fr/wp-admin/edit.php?post_type=acf&page=acf-export" "Mozilla/5.0 (Windows NT 10.0; Win64; x64) AppleWebKit/537.36 (KHTML, like Gecko) Chrome/98.0.4758.82 Safari/537.36"
80.215.205.169 - - [14/Feb/2022:09:38:38 +0100] "GET /favicon.ico HTTP/1.1" 200 - "https://www.plexiplay.fr/wp-admin/edit.php?post_type=acf&page=acf-export" "Mozilla/5.0 (Windows NT 10.0; Win64; x64) AppleWebKit/537.36 (KHTML, like Gecko) Chrome/98.0.4758.82 Safari/537.36"
80.215.205.169 - - [14/Feb/2022:09:38:53 +0100] "POST /wp-admin/edit.php?post_type=acf&page=acf-export HTTP/1.1" 500 1100 "https://www.plexiplay.fr/wp-admin/edit.php?post_type=acf&page=acf-export" "Mozilla/5.0 (Windows NT 10.0; Win64; x64) AppleWebKit/537.36 (KHTML, like Gecko) Chrome/98.0.4758.82 Safari/537.36"
80.215.205.169 - - [14/Feb/2022:09:38:54 +0100] "GET /favicon.ico HTTP/1.1" 200 - "https://www.plexiplay.fr/wp-admin/edit.php?post_type=acf&page=acf-export" "Mozilla/5.0 (Windows NT 10.0; Win64; x64) AppleWebKit/537.36 (KHTML, like Gecko) Chrome/98.0.4758.82 Safari/537.36"
80.215.205.169 - - [14/Feb/2022:09:38:57 +0100] "GET /favicon.ico HTTP/1.1" 200 - "https://www.plexiplay.fr/wp-admin/edit.php?post_type=acf&page=acf-export" "Mozilla/5.0 (Windows NT 10.0; Win64; x64) AppleWebKit/537.36 (KHTML, like Gecko) Chrome/98.0.4758.82 Safari/537.36"
80.215.205.169 - - [14/Feb/2022:09:39:58 +0100] "POST /wp-admin/admin-ajax.php HTTP/1.1" 200 67 "https://www.plexiplay.fr/wp-admin/edit.php?post_type=acf&page=acf-export" "Mozilla/5.0 (Windows NT 10.0; Win64; x64) AppleWebKit/537.36 (KHTML, like Gecko) Chrome/98.0.4758.82 Safari/537.36"
15.237.49.110 - - [14/Feb/2022:09:40:04 +0100] "POST /wp-admin/admin-ajax.php HTTP/1.1" 200 67 "https://www.plexiplay.fr/wp-admin/export.php" "Mozilla/5.0 (Windows NT 10.0; Win64; x64) AppleWebKit/537.36 (KHTML, like Gecko) Chrome/98.0.4758.82 Safari/537.36"
185.2.4.29 - - [14/Feb/2022:09:41:59 +0100] "POST /wp-cron.php?doing_wp_cron=1644828119.9042780399322509765625 HTTP/1.1" 200 - "https://www.plexiplay.fr/wp-cron.php?doing_wp_cron=1644828119.9042780399322509765625" "WordPress/4.9.19; http://www.plexiplay.fr"
80.215.205.169 - - [14/Feb/2022:09:41:59 +0100] "POST /wp-admin/admin-ajax.php HTTP/1.1" 200 67 "https://www.plexiplay.fr/wp-admin/edit.php?post_type=acf&page=acf-export" "Mozilla/5.0 (Windows NT 10.0; Win64; x64) AppleWebKit/537.36 (KHTML, like Gecko) Chrome/98.0.4758.82 Safari/537.36"
15.237.49.110 - - [14/Feb/2022:09:42:05 +0100] "POST /wp-admin/admin-ajax.php HTTP/1.1" 200 67 "https://www.plexiplay.fr/wp-admin/export.php" "Mozilla/5.0 (Windows NT 10.0; Win64; x64) AppleWebKit/537.36 (KHTML, like Gecko) Chrome/98.0.4758.82 Safari/537.36"
40.77.167.95 - - [14/Feb/2022:09:42:50 +0100] "GET /robots.txt HTTP/1.1" 403 1339 "-" "Mozilla/5.0 (compatible; bingbot/2.0; +http://www.bing.com/bingbot.htm)"
40.77.167.95 - - [14/Feb/2022:09:42:50 +0100] "GET /robots.txt HTTP/1.1" 200 69 "-" "Mozilla/5.0 (compatible; bingbot/2.0; +http://www.bing.com/bingbot.htm)"
40.77.167.17 - - [14/Feb/2022:09:43:00 +0100] "GET /boutique/herve-arduini/tableau-noir-et-blanc/le-reverbere/%3C HTTP/1.1" 404 5065 "-" "Mozilla/5.0 (compatible; bingbot/2.0; +http://www.bing.com/bingbot.htm)"
80.215.205.169 - - [14/Feb/2022:09:44:00 +0100] "POST /wp-admin/admin-ajax.php HTTP/1.1" 200 67 "https://www.plexiplay.fr/wp-admin/edit.php?post_type=acf&page=acf-export" "Mozilla/5.0 (Windows NT 10.0; Win64; x64) AppleWebKit/537.36 (KHTML, like Gecko) Chrome/98.0.4758.82 Safari/537.36"
15.237.49.110 - - [14/Feb/2022:09:44:06 +0100] "POST /wp-admin/admin-ajax.php HTTP/1.1" 200 67 "https://www.plexiplay.fr/wp-admin/export.php" "Mozilla/5.0 (Windows NT 10.0; Win64; x64) AppleWebKit/537.36 (KHTML, like Gecko) Chrome/98.0.4758.82 Safari/537.36"
80.215.205.169 - - [14/Feb/2022:09:46:01 +0100] "POST /wp-admin/admin-ajax.php HTTP/1.1" 200 67 "https://www.plexiplay.fr/wp-admin/edit.php?post_type=acf&page=acf-export" "Mozilla/5.0 (Windows NT 10.0; Win64; x64) AppleWebKit/537.36 (KHTML, like Gecko) Chrome/98.0.4758.82 Safari/537.36"
185.2.4.29 - - [14/Feb/2022:09:48:02 +0100] "POST /wp-cron.php?doing_wp_cron=1644828482.9378349781036376953125 HTTP/1.1" 200 - "https://www.plexiplay.fr/wp-cron.php?doing_wp_cron=1644828482.9378349781036376953125" "WordPress/4.9.19; http://www.plexiplay.fr"
80.215.205.169 - - [14/Feb/2022:09:48:02 +0100] "POST /wp-admin/admin-ajax.php HTTP/1.1" 200 67 "https://www.plexiplay.fr/wp-admin/edit.php?post_type=acf&page=acf-export" "Mozilla/5.0 (Windows NT 10.0; Win64; x64) AppleWebKit/537.36 (KHTML, like Gecko) Chrome/98.0.4758.82 Safari/537.36"
80.215.205.169 - - [14/Feb/2022:09:50:03 +0100] "POST /wp-admin/admin-ajax.php HTTP/1.1" 200 67 "https://www.plexiplay.fr/wp-admin/edit.php?post_type=acf&page=acf-export" "Mozilla/5.0 (Windows NT 10.0; Win64; x64) AppleWebKit/537.36 (KHTML, like Gecko) Chrome/98.0.4758.82 Safari/537.36"
80.215.205.169 - - [14/Feb/2022:09:52:05 +0100] "POST /wp-admin/admin-ajax.php HTTP/1.1" 200 67 "https://www.plexiplay.fr/wp-admin/edit.php?post_type=acf&page=acf-export" "Mozilla/5.0 (Windows NT 10.0; Win64; x64) AppleWebKit/537.36 (KHTML, like Gecko) Chrome/98.0.4758.82 Safari/537.36"
15.237.49.110 - - [14/Feb/2022:09:53:48 +0100] "POST /wp-admin/admin-ajax.php HTTP/1.1" 200 67 "https://www.plexiplay.fr/wp-admin/export.php" "Mozilla/5.0 (Windows NT 10.0; Win64; x64) AppleWebKit/537.36 (KHTML, like Gecko) Chrome/98.0.4758.82 Safari/537.36"
80.215.205.169 - - [14/Feb/2022:09:54:06 +0100] "POST /wp-admin/admin-ajax.php HTTP/1.1" 200 67 "https://www.plexiplay.fr/wp-admin/edit.php?post_type=acf&page=acf-export" "Mozilla/5.0 (Windows NT 10.0; Win64; x64) AppleWebKit/537.36 (KHTML, like Gecko) Chrome/98.0.4758.82 Safari/537.36"
80.215.205.169 - - [14/Feb/2022:09:56:07 +0100] "POST /wp-admin/admin-ajax.php HTTP/1.1" 200 67 "https://www.plexiplay.fr/wp-admin/edit.php?post_type=acf&page=acf-export" "Mozilla/5.0 (Windows NT 10.0; Win64; x64) AppleWebKit/537.36 (KHTML, like Gecko) Chrome/98.0.4758.82 Safari/537.36"
80.215.205.169 - - [14/Feb/2022:09:58:08 +0100] "POST /wp-admin/admin-ajax.php HTTP/1.1" 200 67 "https://www.plexiplay.fr/wp-admin/edit.php?post_type=acf&page=acf-export" "Mozilla/5.0 (Windows NT 10.0; Win64; x64) AppleWebKit/537.36 (KHTML, like Gecko) Chrome/98.0.4758.82 Safari/537.36"
80.215.205.169 - - [14/Feb/2022:10:00:09 +0100] "POST /wp-admin/admin-ajax.php HTTP/1.1" 200 67 "https://www.plexiplay.fr/wp-admin/edit.php?post_type=acf&page=acf-export" "Mozilla/5.0 (Windows NT 10.0; Win64; x64) AppleWebKit/537.36 (KHTML, like Gecko) Chrome/98.0.4758.82 Safari/537.36"
80.215.205.169 - - [14/Feb/2022:10:02:10 +0100] "POST /wp-admin/admin-ajax.php HTTP/1.1" 200 67 "https://www.plexiplay.fr/wp-admin/edit.php?post_type=acf&page=acf-export" "Mozilla/5.0 (Windows NT 10.0; Win64; x64) AppleWebKit/537.36 (KHTML, like Gecko) Chrome/98.0.4758.82 Safari/537.36"
80.215.205.169 - - [14/Feb/2022:10:04:11 +0100] "POST /wp-admin/admin-ajax.php HTTP/1.1" 200 67 "https://www.plexiplay.fr/wp-admin/edit.php?post_type=acf&page=acf-export" "Mozilla/5.0 (Windows NT 10.0; Win64; x64) AppleWebKit/537.36 (KHTML, like Gecko) Chrome/98.0.4758.82 Safari/537.36"
80.215.205.169 - - [14/Feb/2022:10:06:11 +0100] "POST /wp-admin/admin-ajax.php HTTP/1.1" 200 67 "https://www.plexiplay.fr/wp-admin/edit.php?post_type=acf&page=acf-export" "Mozilla/5.0 (Windows NT 10.0; Win64; x64) AppleWebKit/537.36 (KHTML, like Gecko) Chrome/98.0.4758.82 Safari/537.36"
80.215.205.169 - - [14/Feb/2022:10:08:12 +0100] "POST /wp-admin/admin-ajax.php HTTP/1.1" 200 67 "https://www.plexiplay.fr/wp-admin/edit.php?post_type=acf&page=acf-export" "Mozilla/5.0 (Windows NT 10.0; Win64; x64) AppleWebKit/537.36 (KHTML, like Gecko) Chrome/98.0.4758.82 Safari/537.36"
80.215.205.169 - - [14/Feb/2022:10:10:13 +0100] "POST /wp-admin/admin-ajax.php HTTP/1.1" 200 67 "https://www.plexiplay.fr/wp-admin/edit.php?post_type=acf&page=acf-export" "Mozilla/5.0 (Windows NT 10.0; Win64; x64) AppleWebKit/537.36 (KHTML, like Gecko) Chrome/98.0.4758.82 Safari/537.36"
80.215.205.169 - - [14/Feb/2022:10:10:49 +0100] "GET /wp-admin/update-core.php HTTP/1.1" 200 31063 "https://www.plexiplay.fr/wp-admin/edit.php?post_type=acf&page=acf-export" "Mozilla/5.0 (Windows NT 10.0; Win64; x64) AppleWebKit/537.36 (KHTML, like Gecko) Chrome/98.0.4758.82 Safari/537.36"
80.215.205.169 - - [14/Feb/2022:10:10:53 +0100] "GET /wp-content/plugins/woothemes-updater/assets/css/admin.css?ver=1.0.0 HTTP/1.1" 200 1127 "https://www.plexiplay.fr/wp-admin/update-core.php" "Mozilla/5.0 (Windows NT 10.0; Win64; x64) AppleWebKit/537.36 (KHTML, like Gecko) Chrome/98.0.4758.82 Safari/537.36"
80.215.205.169 - - [14/Feb/2022:10:10:53 +0100] "GET /wp-admin/load-styles.php?c=0&dir=ltr&load%5B%5D=dashicons,admin-bar,common,forms,admin-menu,dashboard,list-tables,edit,revisions,media,themes,about,nav-menus,wp-pointer,widgets&load%5B%5D=,site-icon,l10n,buttons,wp-color-picker,media-views,wp-jquery-ui-dialog&ver=4.9.19 HTTP/1.1" 200 91778 "https://www.plexiplay.fr/wp-admin/update-core.php" "Mozilla/5.0 (Windows NT 10.0; Win64; x64) AppleWebKit/537.36 (KHTML, like Gecko) Chrome/98.0.4758.82 Safari/537.36"
80.215.205.169 - - [14/Feb/2022:10:10:53 +0100] "GET /wp-admin/load-scripts.php?c=0&load%5B%5D=jquery-ui-core,jquery-ui-widget,jquery-ui-mouse,jquery-ui-sortable,thickbox,hoverIntent,common,admin-bar,plugin-install,undersco&load%5B%5D=re,wp-util,wp-a11y,updates,svg-painter,jquery-ui-draggable,jquery-ui-slider,jquery-touch-punch,iris,wp-color-picker,shortcode,ba&load%5B%5D=ckbone,wp-backbone,media-models,wp-plupload,wp-mediaelement,wp-api-request,media-views,media-editor,media-audiovideo,mce-view,im&load%5B%5D=gareaselect,image-edit&ver=4.9.19 HTTP/1.1" 200 106191 "https://www.plexiplay.fr/wp-admin/update-core.php" "Mozilla/5.0 (Windows NT 10.0; Win64; x64) AppleWebKit/537.36 (KHTML, like Gecko) Chrome/98.0.4758.82 Safari/537.36"
80.215.205.169 - - [14/Feb/2022:10:10:53 +0100] "GET /wp-content/themes/twentyfifteen/screenshot.png HTTP/1.1" 200 376628 "https://www.plexiplay.fr/wp-admin/update-core.php" "Mozilla/5.0 (Windows NT 10.0; Win64; x64) AppleWebKit/537.36 (KHTML, like Gecko) Chrome/98.0.4758.82 Safari/537.36"
80.215.205.169 - - [14/Feb/2022:10:10:53 +0100] "GET /wp-content/themes/twentyseventeen/screenshot.png HTTP/1.1" 200 363833 "https://www.plexiplay.fr/wp-admin/update-core.php" "Mozilla/5.0 (Windows NT 10.0; Win64; x64) AppleWebKit/537.36 (KHTML, like Gecko) Chrome/98.0.4758.82 Safari/537.36"
80.215.205.169 - - [14/Feb/2022:10:10:53 +0100] "GET /wp-content/themes/twentysixteen/screenshot.png HTTP/1.1" 200 463555 "https://www.plexiplay.fr/wp-admin/update-core.php" "Mozilla/5.0 (Windows NT 10.0; Win64; x64) AppleWebKit/537.36 (KHTML, like Gecko) Chrome/98.0.4758.82 Safari/537.36"
80.215.205.169 - - [14/Feb/2022:10:10:54 +0100] "GET /favicon.ico HTTP/1.1" 200 - "https://www.plexiplay.fr/wp-admin/update-core.php" "Mozilla/5.0 (Windows NT 10.0; Win64; x64) AppleWebKit/537.36 (KHTML, like Gecko) Chrome/98.0.4758.82 Safari/537.36"
15.237.49.110 - - [14/Feb/2022:10:11:19 +0100] "GET / HTTP/1.1" 200 22368 "-" "Mozilla/5.0 (Windows NT 10.0; Win64; x64) AppleWebKit/537.36 (KHTML, like Gecko) Chrome/98.0.4758.82 Safari/537.36"
15.237.49.110 - - [14/Feb/2022:10:11:23 +0100] "GET /wp-includes/css/dashicons.min.css?ver=4.9.19 HTTP/1.1" 200 28645 "https://www.plexiplay.fr/" "Mozilla/5.0 (Windows NT 10.0; Win64; x64) AppleWebKit/537.36 (KHTML, like Gecko) Chrome/98.0.4758.82 Safari/537.36"
15.237.49.110 - - [14/Feb/2022:10:11:23 +0100] "GET /wp-includes/css/admin-bar.min.css?ver=4.9.19 HTTP/1.1" 200 3937 "https://www.plexiplay.fr/" "Mozilla/5.0 (Windows NT 10.0; Win64; x64) AppleWebKit/537.36 (KHTML, like Gecko) Chrome/98.0.4758.82 Safari/537.36"
15.237.49.110 - - [14/Feb/2022:10:11:23 +0100] "GET /wp-content/plugins/wordpress-seo/css/adminbar-302.min.css?ver=3.0.4 HTTP/1.1" 200 225 "https://www.plexiplay.fr/" "Mozilla/5.0 (Windows NT 10.0; Win64; x64) AppleWebKit/537.36 (KHTML, like Gecko) Chrome/98.0.4758.82 Safari/537.36"
15.237.49.110 - - [14/Feb/2022:10:11:24 +0100] "GET /wp-includes/js/admin-bar.min.js?ver=4.9.19 HTTP/1.1" 200 2425 "https://www.plexiplay.fr/" "Mozilla/5.0 (Windows NT 10.0; Win64; x64) AppleWebKit/537.36 (KHTML, like Gecko) Chrome/98.0.4758.82 Safari/537.36"
15.237.49.110 - - [14/Feb/2022:10:11:24 +0100] "GET /wp-content/uploads/2014/09/bklipstick-1-90x110.jpg HTTP/1.1" 200 6746 "https://www.plexiplay.fr/" "Mozilla/5.0 (Windows NT 10.0; Win64; x64) AppleWebKit/537.36 (KHTML, like Gecko) Chrome/98.0.4758.82 Safari/537.36"
